// Jest Snapshot v1, https://goo.gl/fbAQLP

exports[`ui actions: startFetching 1`] = `
Object {
  "type": "START_FETCHING",
}
`;
