// Jest Snapshot v1, https://goo.gl/fbAQLP

exports[`ui reducer: should return state by default 1`] = `
Immutable.Map {
  "isFetching": false,
  "isOnline": false,
}
`;
